Script started on Wed Oct 31 22:45:43 2018
[?1034hbash-3.2$ gcc -o hi evaluate.c
bash-3.2$ ./hi
Enter a simple arithmetic expression: 3 * 3 + 2 * 2 / 4 + 6
The answer is 16.00
bash-3.2$ ./hi
Enter a simple arithmetic expression: no
bash-3.2$ ./hi
Enter a simple arithmetic expression: 3 + 3 * 2
The answer is 9.00
bash-3.2$ ./hi
Enter a simple arithmetic expression: 3 - 4 * 2
The answer is -5.00
bash-3.2$ ./hi
Enter a simple arithmetic expression: 3 /3    3 + 1
The answer is 2.00
bash-3.2$ ./hi
Enter a simple arithmetic expression: no
bash-3.2$ quit
bash: quit: command not found
bash-3.2$ exit
exit

Script done on Wed Oct 31 22:47:53 2018
